Testing object print functionality

using input sys file: gsh_test.sys

-----------------------------------------------------------

Isotope       1H
 Name         Hydrogen
 Element      H
 Number       1
 Mass         1 amu
 Weight       1.0087 g/m
 Spin         0.5 (hbar)
 Type         nucleus
 Gamma        2.6752 10^-8/T-s


Isotope       31P
 Name         Phosphorus
 Element      P
 Number       15
 Mass         31 amu
 Weight       -1100000.0000 g/m
 Spin         0.5 (hbar)
 Type         nucleus
 Gamma        1.0829 10^-8/T-s


-----------------------------------------------------------

qn: 0.0
HS: 0
momentum: 0
symbol: 
name: 
element: 
number: 0
mass: 0
weight: 0.0
receptivity: 0.0
electron: False
rel freq: 0.0

qn: 0.0
HS: 0
momentum: 0
symbol: 1H
name: Unknown
element: XXX
number: 0
mass: 0
weight: 0.0
receptivity: 0.0
electron: False
rel freq: 0.0

-----------------------------------------------------------

Spin Index : 
Isotope    : 
Momentum   : 

Spin Index :      0            1            2      
Isotope    :      1H           1H           1H     
Momentum   :     1/2          1/2          1/2     
Shifts     :     0.00 Hz      1.02 KHz     0.00 Hz 
           :     3.77 ppm     6.00 ppm     4.70 ppm
Js Spin 0  :                  6.50 Hz      0.00 Hz 
Js Spin 1  :                               0.00 Hz 
Omega      :   170.67 MHz   170.67 MHz   170.67 MHz

-----------------------------------------------------------

[[-1234.79745     0.          0.          0.          0.          0.
      0.          0.     ]
 [    0.       -432.64845     0.          0.          0.          0.
      0.          0.     ]
 [    0.          0.       -210.77745     0.          0.          0.
      0.          0.     ]
 [    0.          0.          0.        591.37155     0.          0.
      0.          0.     ]
 [    0.          0.          0.          0.       -591.37155     0.
      0.          0.     ]
 [    0.          0.          0.          0.          0.        210.77745
      0.          0.     ]
 [    0.          0.          0.          0.          0.          0.
    432.64845     0.     ]
 [    0.          0.          0.          0.          0.          0.
      0.       1234.79745]]
-----------------------------------------------------------

[[-1234.79745, 0.0, 0.0, 0.0, 0.0, 0.0, 0.0, 0.0], [0.0, -432.64844999999997, 0.0, 0.0, 0.0, 0.0, 0.0, 0.0], [0.0, 0.0, -210.77745, 0.0, 0.0, 0.0, 0.0, 0.0], [0.0, 0.0, 0.0, 591.3715500000001, 0.0, 0.0, 0.0, 0.0], [0.0, 0.0, 0.0, 0.0, -591.3715500000001, 0.0, 0.0, 0.0], [0.0, 0.0, 0.0, 0.0, 0.0, 210.77745, 0.0, 0.0], [0.0, 0.0, 0.0, 0.0, 0.0, 0.0, 432.64844999999997, 0.0], [0.0, 0.0, 0.0, 0.0, 0.0, 0.0, 0.0, 1234.79745]]
-----------------------------------------------------------

[[-1234.79745     0.          0.          0.          0.          0.
      0.          0.     ]
 [    0.       -432.64845     0.          0.          0.          0.
      0.          0.     ]
 [    0.          0.       -210.77745     0.          0.          0.
      0.          0.     ]
 [    0.          0.          0.        591.37155     0.          0.
      0.          0.     ]
 [    0.          0.          0.          0.       -591.37155     0.
      0.          0.     ]
 [    0.          0.          0.          0.          0.        210.77745
      0.          0.     ]
 [    0.          0.          0.          0.          0.          0.
    432.64845     0.     ]
 [    0.          0.          0.          0.          0.          0.
      0.       1234.79745]]
-----------------------------------------------------------

[]
-----------------------------------------------------------

[[0.  0.5 0.5 0. ]
 [0.5 0.  0.  0.5]
 [0.5 0.  0.  0.5]
 [0.  0.5 0.5 0. ]]
-----------------------------------------------------------

[[0. +0.j  0.5-0.5j 0.5-0.5j 0. +0.j ]
 [0.5+0.5j 0. +0.j  0. +0.j  0.5-0.5j]
 [0.5+0.5j 0. +0.j  0. +0.j  0.5-0.5j]
 [0. +0.j  0.5+0.5j 0.5+0.5j 0. +0.j ]]
-----------------------------------------------------------

[]
-----------------------------------------------------------

[[0. +0.j  0.5-0.5j 0.5-0.5j 0. +0.j ]
 [0.5+0.5j 0. +0.j  0. +0.j  0.5-0.5j]
 [0.5+0.5j 0. +0.j  0. +0.j  0.5-0.5j]
 [0. +0.j  0.5+0.5j 0.5+0.5j 0. +0.j ]]
-----------------------------------------------------------

[]
-----------------------------------------------------------

[0.0+0.0j, 0.0+0.0j, 0.0+0.0j,  0.0+0.0j]
-----------------------------------------------------------

[5.0+0.0j, 0.0+0.0j, 0.0+0.0j,  0.0+0.0j]
-----------------------------------------------------------

[5.0+0.0j, 9.2+0.0j, 0.0+0.0j,  11.6+0.0j]
-----------------------------------------------------------

[10.0+0.0j, 18.4+0.0j, 0.0+0.0j,  23.2+0.0j]
-----------------------------------------------------------

[15.0+0.0j, 27.6+0.0j, 0.0+0.0j,  34.8+0.0j]
-----------------------------------------------------------

[]
-----------------------------------------------------------

[0. 0. 0. 0.]
-----------------------------------------------------------

[5. 0. 0. 0.]
-----------------------------------------------------------

[ 5.   9.2  0.  11.6]
-----------------------------------------------------------

[10.  18.4  0.  23.2]
-----------------------------------------------------------

[15.  27.6  0.  34.8]
-----------------------------------------------------------

(0.0,0.0)

-----------------------------------------------------------

(4.0,3.2)

-----------------------------------------------------------

(4.0,3.2)

-----------------------------------------------------------

(5.0,3.2)

-----------------------------------------------------------

